[web-rockstars.com/purple/index.html]
[backblue.gif]
[fade.gif]
[index.html]
[web-rockstars.com/purple/wp-content/themes/purple/7league/default/favicon.ico]
[web-rockstars.com/purple/xmlrpc.php]
[web-rockstars.com/purple/indexa6da.html]
[web-rockstars.com/purple/index25fa.html]
[web-rockstars.com/purple/indexd784.html]
[web-rockstars.com/purple/wp-includes/js/jquery/jquery90f9.js]
[web-rockstars.com/purple/wp-includes/js/jquery/jquery-migrate.min1576.js]
[web-rockstars.com/purple/xmlrpc0db0.php]
[web-rockstars.com/purple/wp-includes/wlwmanifest.xml]
[ajax.googleapis.com/ajax/libs/webfont/1.4.7/webfont.js]
[web-rockstars.com/purple/wp-content/uploads/2017/12/logo.png]
[web-rockstars.com/purple/wp-content/uploads/2017/12/sl10.jpg]
[web-rockstars.com/purple/indexd81e.html]
[web-rockstars.com/purple/index2f17.html]
[web-rockstars.com/purple/index1f2f.html]
[web-rockstars.com/purple/wp-content/uploads/2017/12/sl5.jpg]
[web-rockstars.com/purple/indexf512.html]
[web-rockstars.com/purple/indexe16b.html]
[web-rockstars.com/purple/index2738.html]
[web-rockstars.com/purple/index8bbd.html]
[web-rockstars.com/purple/wp-content/uploads/2017/12/sl7.jpg]
[web-rockstars.com/purple/indexf2af.html]
[web-rockstars.com/purple/index8a92.html]
[web-rockstars.com/purple/wp-content/uploads/2017/12/sl14.jpg]
[web-rockstars.com/purple/wp-content/uploads/2017/12/s9_bg.jpg]
[web-rockstars.com/purple/indexe527.html]
[web-rockstars.com/purple/index8091.html]
[web-rockstars.com/purple/wp-content/uploads/2014/05/ad_1.png]
[web-rockstars.com/purple/index2f07.html]
[web-rockstars.com/purple/wp-content/uploads/2017/12/s8_bg.jpg]
[web-rockstars.com/purple/indexcc8a.html]
[web-rockstars.com/purple/indexc4a7.html]
[web-rockstars.com/purple/wp-content/uploads/2017/12/portfolio_053-600x400.jpg]
[web-rockstars.com/purple/indexe0eb.html]
[web-rockstars.com/purple/wp-content/uploads/2017/12/portfolio_053.jpg]
[web-rockstars.com/purple/index16e4.html]
[web-rockstars.com/purple/indexc583.html]
[web-rockstars.com/purple/wp-content/uploads/2017/12/portfolio_046-600x400.jpg]
[web-rockstars.com/purple/index1469.html]
[web-rockstars.com/purple/index3ef7.html]
[web-rockstars.com/purple/wp-content/uploads/2017/12/portfolio_046.jpg]
[web-rockstars.com/purple/index1321.html]
[web-rockstars.com/purple/index4808.html]
[web-rockstars.com/purple/wp-content/uploads/2017/12/portfolio_045-600x400.jpg]
[web-rockstars.com/purple/index20b7.html]
[web-rockstars.com/purple/wp-content/uploads/2017/12/portfolio_045.jpg]
[web-rockstars.com/purple/index7e76.html]
[web-rockstars.com/purple/wp-content/uploads/2017/12/portfolio_030-600x400.jpg]
[web-rockstars.com/purple/wp-content/uploads/2017/12/portfolio_030.jpg]
[web-rockstars.com/purple/indexf5e9.html]
[web-rockstars.com/purple/index1833.html]
[web-rockstars.com/purple/index1956.html]
[web-rockstars.com/purple/wp-content/uploads/2017/12/portfolio_019-600x400.jpg]
[web-rockstars.com/purple/index7f82.html]
[web-rockstars.com/purple/index66ae.html]
[web-rockstars.com/purple/wp-content/uploads/2017/12/portfolio_019.jpg]
[web-rockstars.com/purple/index5193.html]
[web-rockstars.com/purple/indexb32f.html]
[web-rockstars.com/purple/wp-content/uploads/2017/12/portfolio_022-600x400.jpg]
[web-rockstars.com/purple/indexbf0b.html]
[web-rockstars.com/purple/index13f6.html]
[web-rockstars.com/purple/wp-content/uploads/2017/12/portfolio_022.jpg]
[web-rockstars.com/purple/indexfc13.html]
[web-rockstars.com/purple/indexfc67.html]
[web-rockstars.com/purple/wp-content/uploads/2017/12/portfolio_016-600x400.jpg]
[web-rockstars.com/purple/index841b.html]
[web-rockstars.com/purple/index5922.html]
[web-rockstars.com/purple/wp-content/uploads/2017/12/portfolio_016.jpg]
[web-rockstars.com/purple/indexd1f1.html]
[web-rockstars.com/purple/index9b8d.html]
[web-rockstars.com/purple/wp-content/uploads/2017/12/portfolio_043-600x400.jpg]
[web-rockstars.com/purple/index91e3.html]
[web-rockstars.com/purple/wp-content/uploads/2017/12/portfolio_043.jpg]
[web-rockstars.com/purple/indexa656.html]
[web-rockstars.com/purple/indexf27a.html]
[web-rockstars.com/purple/index58ff.html]
[web-rockstars.com/purple/wp-content/uploads/2017/12/portfolio_033-600x400.jpg]
[web-rockstars.com/purple/index2e51.html]
[web-rockstars.com/purple/indexc93b.html]
[web-rockstars.com/purple/wp-content/uploads/2017/12/portfolio_033.jpg]
[web-rockstars.com/purple/indexdaca.html]
[web-rockstars.com/purple/indexc736.html]
[web-rockstars.com/purple/wp-content/uploads/2017/12/portfolio_023-600x400.jpg]
[web-rockstars.com/purple/indexcdf1.html]
[web-rockstars.com/purple/wp-content/uploads/2017/12/portfolio_023.jpg]
[web-rockstars.com/purple/indexb946.html]
[web-rockstars.com/purple/wp-content/uploads/2017/12/portfolio_006-600x400.jpg]
[web-rockstars.com/purple/wp-content/uploads/2017/12/portfolio_006.jpg]
[web-rockstars.com/purple/wp-content/uploads/2017/12/portfolio_002-600x400.jpg]
[web-rockstars.com/purple/wp-content/uploads/2017/12/portfolio_002.jpg]
[web-rockstars.com/purple/wp-content/uploads/2017/12/s6_bg.jpg]
[web-rockstars.com/purple/wp-content/uploads/2014/05/f_events.png]
[web-rockstars.com/purple/wp-content/uploads/2017/12/s4_bg.jpg]
[web-rockstars.com/purple/wp-content/uploads/2017/12/s5_bg.jpg]
[web-rockstars.com/purple/wp-content/themes/purple/script/modernizr.customfa15.js]
[web-rockstars.com/purple/wp-includes/js/jquery/ui/core.min4a80.js]
[web-rockstars.com/purple/wp-includes/js/jquery/ui/widget.min4a80.js]
[web-rockstars.com/purple/wp-includes/js/jquery/ui/accordion.min4a80.js]
[web-rockstars.com/purple/wp-includes/js/jquery/ui/tabs.min4a80.js]
[web-rockstars.com/purple/wp-content/themes/purple/script/jquery.easing.minfa15.js]
[web-rockstars.com/purple/wp-content/themes/purple/script/jquery.nivofa15.js]
[web-rockstars.com/purple/wp-content/themes/purple/script/jquery.cyclefa15.js]
[web-rockstars.com/purple/wp-content/themes/purple/script/jquery.caroufredselfa15.js]
[web-rockstars.com/purple/wp-content/themes/purple/script/jquery.scrollbarfa15.js]
[web-rockstars.com/purple/wp-content/themes/purple/script/jquery.waitforimages.minfa15.js]
[web-rockstars.com/purple/wp-content/themes/purple/script/jquery.wookmarkfa15.js]
[web-rockstars.com/purple/wp-content/themes/purple/script/jquery.flexslider-minfa15.js]
[web-rockstars.com/purple/wp-content/themes/purple/script/mobilefa15.js]
[web-rockstars.com/purple/wp-content/themes/purple/script/pluginsfa15.js]
[web-rockstars.com/purple/wp-content/themes/purple/script/jquery.kineticfa15.js]
[web-rockstars.com/purple/wp-content/themes/purple/script/freewallfa15.js]
[web-rockstars.com/purple/wp-content/themes/purple/script/jquery.tosrus.min.allfa15.js]
[web-rockstars.com/purple/wp-content/themes/purple/script/jquery.nicescrollfa15.js]
[web-rockstars.com/purple/wp-content/themes/purple/7league/script/custom.jsfa15.php]
[web-rockstars.com/purple/index.html]
[web-rockstars.com/purple/wp-content/themes/purple/7league/post-entry-templates/post-entry-templatesfa15.css]
[web-rockstars.com/purple/wp-content/themes/purple/stylefa15.css]
[web-rockstars.com/purple/wp-content/themes/purple/style/owl_allfa15.css]
[web-rockstars.com/purple/wp-content/themes/purple/fonts/fontawesome-webfont93e3.eot]
[web-rockstars.com/purple/wp-content/themes/purple/fonts/fontawesome-webfontd41d.eot]
[web-rockstars.com/purple/wp-content/themes/purple/fonts/fontawesome-webfont93e3.woff]
[web-rockstars.com/purple/wp-content/themes/purple/fonts/fontawesome-webfont93e3.ttf]
[web-rockstars.com/purple/wp-content/themes/purple/style/font-awesomefa15.css]
[web-rockstars.com/purple/wp-content/themes/purple/style/animate.minfa15.css]
[web-rockstars.com/purple/wp-content/themes/purple/style/darkfa15.css]
[web-rockstars.com/purple/wp-content/themes/purple/images/bg/pbg1.jpg]
[web-rockstars.com/purple/wp-content/themes/purple/7league/css/customcssd57b.css]
[web-rockstars.com/purple/index1f2f.html]
[web-rockstars.com/purple/index57d2.html]
[web-rockstars.com/purple/indexd81e.html]
[web-rockstars.com/purple/index2f17.html]
[web-rockstars.com/purple/indexf083.html]
[web-rockstars.com/purple/indexe16a.html]
[web-rockstars.com/purple/wp-content/uploads/2017/12/banner_home.png]
[web-rockstars.com/purple/indexf512.html]
[web-rockstars.com/purple/index8b39.html]
[web-rockstars.com/purple/wp-content/uploads/2017/12/portfolio_070.jpg]
[web-rockstars.com/purple/index17ea.html]
[web-rockstars.com/purple/wp-content/uploads/2017/12/portfolio_070-1200x740.jpg]
[web-rockstars.com/purple/wp-content/uploads/2017/12/portfolio_068.jpg]
[web-rockstars.com/purple/wp-content/uploads/2017/12/portfolio_068-1200x740.jpg]
[web-rockstars.com/purple/wp-content/uploads/2017/12/portfolio_053-1200x740.jpg]
[web-rockstars.com/purple/wp-content/uploads/2017/12/portfolio_046-1200x740.jpg]
[web-rockstars.com/purple/wp-content/uploads/2017/12/portfolio_045-1200x740.jpg]
[web-rockstars.com/purple/wp-content/uploads/2017/12/portfolio_030-1200x740.jpg]
[web-rockstars.com/purple/wp-content/uploads/2017/12/portfolio_019-1200x740.jpg]
[web-rockstars.com/purple/wp-content/uploads/2017/12/portfolio_022-1200x740.jpg]
[web-rockstars.com/purple/wp-content/uploads/2017/12/portfolio_016-1200x740.jpg]
[web-rockstars.com/purple/wp-content/uploads/2017/12/portfolio_012.jpg]
[web-rockstars.com/purple/wp-content/uploads/2017/12/portfolio_012-1200x740.jpg]
[web-rockstars.com/purple/wp-content/uploads/2017/12/portfolio_006-1200x740.jpg]
[web-rockstars.com/purple/indexe16b.html]
[web-rockstars.com/purple/wp-content/uploads/2017/12/portfolio_070-500x660.5f.delayed]
[web-rockstars.com/purple/index903e.html]
[web-rockstars.com/purple/wp-content/uploads/2017/12/portfolio_068-500x660.jpg]
[web-rockstars.com/purple/wp-content/uploads/2017/12/portfolio_053-500x660.jpg]
[web-rockstars.com/purple/index2738.html]
[web-rockstars.com/purple/wp-content/uploads/2017/12/portfolio_070-600x400.jpg]
[web-rockstars.com/purple/index34c8.html]
[web-rockstars.com/purple/wp-content/uploads/2017/12/portfolio_068-600x400.jpg]
[web-rockstars.com/purple/index8bbd.html]
[web-rockstars.com/purple/index5033.html]
[web-rockstars.com/fw/wp-content/uploads/2014/05/portfolio_5_x_7l-100x100.jpg]
[web-rockstars.com/purple/indexf2af.html]
[web-rockstars.com/purple/wp-content/uploads/2017/12/sl1.jpg]
[web-rockstars.com/purple/index1458.html]
[web-rockstars.com/purple/index8a92.html]
[web-rockstars.com/purple/wp-includes/js/jquery/ui/mouse.min4a80.js]
[web-rockstars.com/purple/indexff45.html]
[web-rockstars.com/purple/indexe527.html]
[web-rockstars.com/purple/index8091.html]
[web-rockstars.com/concord/wp-content/uploads/2015/02/portfolio-8-600x400.jpg]
[web-rockstars.com/purple/index7f40.html]
[web-rockstars.com/purple/index7791.html]
[web-rockstars.com/concord/wp-content/uploads/2015/02/portfolio-8-100x100.jpg]
[web-rockstars.com/purple/index2f07.html]
[web-rockstars.com/purple/indexcc8a.html]
[web-rockstars.com/purple/indexc4a7.html]
[web-rockstars.com/purple/indexe0eb.html]
[web-rockstars.com/purple/indexc070.html]
[web-rockstars.com/purple/index8320.html]
[web-rockstars.com/purple/indexdb84.html]
[web-rockstars.com/purple/wp-content/uploads/2017/12/portfolio_070-500x500.jpg]
[web-rockstars.com/purple/index7737.html]
[web-rockstars.com/purple/indexdb4e.html]
[web-rockstars.com/purple/indexd78c.html]
[web-rockstars.com/purple/wp-content/uploads/2017/12/portfolio_068-500x500.jpg]
[web-rockstars.com/purple/index3f7b.html]
[web-rockstars.com/purple/index81ea.html]
[web-rockstars.com/purple/wp-content/uploads/2017/12/portfolio_053-500x500.jpg]
[web-rockstars.com/purple/indexb31a.html]
[web-rockstars.com/purple/wp-content/uploads/2017/12/portfolio_046-500x500.jpg]
[web-rockstars.com/purple/indexc5f6.html]
[web-rockstars.com/purple/index5cf4.html]
[web-rockstars.com/purple/wp-content/uploads/2017/12/portfolio_045-500x500.jpg]
[web-rockstars.com/purple/wp-content/uploads/2017/12/portfolio_030-500x500.jpg]
[web-rockstars.com/purple/index92d7.html]
[web-rockstars.com/purple/wp-content/uploads/2017/12/portfolio_019-500x500.jpg]
[web-rockstars.com/purple/wp-content/uploads/2017/12/portfolio_022-500x500.jpg]
[web-rockstars.com/purple/indexbade.html]
[web-rockstars.com/purple/indexf28f.html]
[web-rockstars.com/purple/index16a7.html]
[web-rockstars.com/purple/indexbb7c.html]
[web-rockstars.com/purple/indexf6ea.html]
[web-rockstars.com/purple/wp-content/uploads/2017/12/portfolio_016-500x500.jpg]
[web-rockstars.com/purple/wp-content/uploads/2017/12/portfolio_012-500x500.jpg]
[web-rockstars.com/purple/wp-content/uploads/2017/12/portfolio_006-500x500.jpg]
[web-rockstars.com/purple/indexf161.html]
[web-rockstars.com/purple/index1c8e.html]
[web-rockstars.com/purple/wp-content/uploads/2017/12/portfolio_002-500x500.jpg]
[web-rockstars.com/purple/index91c6.html]
[web-rockstars.com/purple/index16e4.html]
[web-rockstars.com/purple/index1ae0.html]
[web-rockstars.com/purple/wp-content/uploads/2017/12/portfolio_070-500x333.jpg]
[web-rockstars.com/purple/index51bb.html]
[web-rockstars.com/purple/wp-content/uploads/2017/12/portfolio_068-500x333.jpg]
[web-rockstars.com/purple/wp-content/uploads/2017/12/portfolio_053-500x750.jpg]
[web-rockstars.com/purple/wp-content/uploads/2017/12/portfolio_046-500x465.jpg]
[web-rockstars.com/purple/wp-content/uploads/2017/12/portfolio_045-500x333.jpg]
[web-rockstars.com/purple/wp-content/uploads/2017/12/portfolio_030-500x333.jpg]
[web-rockstars.com/purple/wp-content/uploads/2017/12/portfolio_019-500x333.jpg]
[web-rockstars.com/purple/wp-content/uploads/2017/12/portfolio_022-500x333.jpg]
[web-rockstars.com/purple/wp-content/uploads/2017/12/portfolio_016-500x333.jpg]
[web-rockstars.com/purple/wp-content/uploads/2017/12/portfolio_012-500x333.jpg]
[web-rockstars.com/purple/wp-content/uploads/2017/12/portfolio_006-500x750.jpg]
[web-rockstars.com/purple/wp-content/uploads/2017/12/portfolio_002-500x333.jpg]
[web-rockstars.com/purple/indexc583.html]
[web-rockstars.com/purple/index1469.html]
[web-rockstars.com/purple/index3ef7.html]
[web-rockstars.com/purple/index1829.html]
[web-rockstars.com/purple/index1321.html]
[web-rockstars.com/purple/index4808.html]
[web-rockstars.com/purple/indexabfd.html]
[web-rockstars.com/purple/index20b7.html]
[web-rockstars.com/purple/wp-content/uploads/2017/12/testimonials_005-500x500.jpg]
[web-rockstars.com/purple/indexe452.html]
[web-rockstars.com/purple/wp-content/uploads/2017/12/testimonials_004-500x500.jpg]
[web-rockstars.com/purple/wp-content/uploads/2017/12/testimonials_003-500x500.jpg]
[web-rockstars.com/purple/wp-content/uploads/2017/12/testimonials_002-500x500.jpg]
[web-rockstars.com/purple/wp-content/uploads/2017/12/testimonials_001-500x500.jpg]
[web-rockstars.com/purple/wp-content/uploads/2017/12/testimonials_006-500x500.jpg]
[web-rockstars.com/purple/index7e76.html]
[web-rockstars.com/purple/indexa106.html]
[web-rockstars.com/purple/wp-content/uploads/2017/12/portfolio_046-500x660.jpg]
[web-rockstars.com/purple/index66cf.html]
[web-rockstars.com/purple/wp-content/uploads/2017/12/portfolio_006-500x660.jpg]
[web-rockstars.com/purple/indexc4f7.html]
[web-rockstars.com/purple/index0dc9.html]
[web-rockstars.com/purple/wp-content/uploads/2017/12/portfolio_043-500x660.jpg]
[web-rockstars.com/purple/index44d4.html]
[web-rockstars.com/purple/index1956.html]
[web-rockstars.com/purple/indexdbdb.html]
[web-rockstars.com/purple/indexf5e9.html]
[web-rockstars.com/purple/index1833.html]
[web-rockstars.com/purple/index07ca.html]
[web-rockstars.com/purple/index999c.html]
[web-rockstars.com/purple/index4567.html]
[web-rockstars.com/purple/wp-content/uploads/2017/12/portfolio_012-600x400.jpg]
[web-rockstars.com/purple/index7f82.html]
[web-rockstars.com/purple/index66ae.html]
[web-rockstars.com/purple/indexca63.html]
[web-rockstars.com/purple/index5193.html]
[web-rockstars.com/purple/index7232.html]
[web-rockstars.com/purple/indexbc5d.html]
[web-rockstars.com/purple/wp-content/themes/purple/script/jquery.justifiedGallery.minfa15.js]
[web-rockstars.com/purple/indexb32f.html]
[web-rockstars.com/purple/indexbf0b.html]
[web-rockstars.com/purple/index2d98.html]
[web-rockstars.com/purple/index13f6.html]
[web-rockstars.com/purple/index4671.html]
[web-rockstars.com/purple/indexbc76.html]
[web-rockstars.com/purple/indexfc13.html]
[web-rockstars.com/purple/indexfc67.html]
[web-rockstars.com/purple/index5922.html]
[web-rockstars.com/purple/index3e45.html]
[web-rockstars.com/purple/index841b.html]
[web-rockstars.com/purple/indexbed1.html]
[web-rockstars.com/purple/indexd1f1.html]
[web-rockstars.com/purple/index8769.html]
[web-rockstars.com/tammoo/wp-content/uploads/2013/06/contentslide2-906x600.png]
[web-rockstars.com/purple/index990b.html]
[web-rockstars.com/tammoo/wp-content/uploads/2013/06/contentslide3-906x600.png]
[web-rockstars.com/purple/indexa548.html]
[web-rockstars.com/purple/index0a10.html]
[web-rockstars.com/tammoo/wp-content/uploads/2013/06/contentslide1-906x600.png]
[web-rockstars.com/purple/index9b8d.html]
[web-rockstars.com/purple/index91e3.html]
[web-rockstars.com/purple/indexdfa1.html]
[web-rockstars.com/purple/indexa656.html]
[web-rockstars.com/purple/index55f2.html]
[web-rockstars.com/purple/wp-content/themes/purple/script/jquery.knob.js]
[web-rockstars.com/purple/index8ef1.html]
[web-rockstars.com/purple/index58ff.html]
[web-rockstars.com/purple/indexf27a.html]
[web-rockstars.com/purple/index2e51.html]
[web-rockstars.com/purple/index1cf8.html]
[web-rockstars.com/purple/indexc93b.html]
[web-rockstars.com/purple/index91a1.html]
[web-rockstars.com/purple/indexdaca.html]
[web-rockstars.com/purple/index6f20.html]
[web-rockstars.com/purple/indexc736.html]
[web-rockstars.com/purple/index561e.html]
[web-rockstars.com/purple/indexcdf1.html]
[web-rockstars.com/purple/index4ba7.html]
[web-rockstars.com/purple/indexf150.html]
[web-rockstars.com/purple/indexb946.html]
[web-rockstars.com/purple/indexae25.html]
[web-rockstars.com/purple/index9398.html]
[web-rockstars.com/purple/wp-content/themes/purple/images/wait.gif]
[web-rockstars.com/purple/index25cd.html]
[web-rockstars.com/purple/index61dc.html]
[web-rockstars.com/purple/wp-content/themes/purple/images/loader.gif]
[web-rockstars.com/purple/index30a5.html]
[web-rockstars.com/purple/wp-content/themes/purple/images/gnext.png]
[web-rockstars.com/purple/wp-content/themes/purple/images/gprev.png]
[web-rockstars.com/purple/wp-content/themes/purple/images/prev.png]
[web-rockstars.com/purple/wp-content/themes/purple/images/next.png]
[web-rockstars.com/purple/wp-content/themes/purple/images/gclose.png]
[web-rockstars.com/purple/wp-content/themes/purple/images/add1.png]
[web-rockstars.com/purple/wp-content/themes/purple/images/arrow-li.png]
[web-rockstars.com/purple/wp-content/themes/purple/images/quotebig.png]
[web-rockstars.com/purple/wp-content/themes/purple/images/vtabs.png]
[web-rockstars.com/purple/wp-content/themes/purple/images/hr_shadow.png]
[web-rockstars.com/purple/wp-content/themes/purple/images/dividers/di2.png]
[web-rockstars.com/purple/wp-content/themes/purple/images/dividers/di3.png]
[web-rockstars.com/purple/wp-content/themes/purple/images/dividers/di4.png]
[web-rockstars.com/purple/wp-content/themes/purple/images/dividers/di5.png]
[web-rockstars.com/purple/wp-content/themes/purple/images/dividers/di6.png]
[web-rockstars.com/purple/wp-content/themes/purple/images/dividers/di7.png]
[web-rockstars.com/purple/wp-content/themes/purple/images/dividers/di8.png]
[web-rockstars.com/purple/wp-content/themes/purple/images/dividers/di9.png]
[web-rockstars.com/purple/wp-content/themes/purple/images/dividers/di10.png]
[web-rockstars.com/purple/wp-content/themes/purple/images/dividers/di11.png]
[web-rockstars.com/purple/wp-content/themes/purple/images/dividers/di12.png]
[web-rockstars.com/purple/wp-content/themes/purple/images/dividers/di13.png]
[web-rockstars.com/purple/wp-content/themes/purple/images/dividers/di14.png]
[web-rockstars.com/purple/wp-content/themes/purple/images/dividers/di15.png]
[web-rockstars.com/purple/wp-content/themes/purple/images/dividers/di16.png]
[web-rockstars.com/purple/wp-content/themes/purple/images/icons/1.png]
[web-rockstars.com/purple/wp-content/themes/purple/images/icons/2.png]
[web-rockstars.com/purple/wp-content/themes/purple/images/icons/3.png]
[web-rockstars.com/purple/wp-content/themes/purple/images/icons/4.png]
[web-rockstars.com/purple/wp-content/themes/purple/images/icons/5.png]
[web-rockstars.com/purple/wp-content/themes/purple/images/icons/6.png]
[web-rockstars.com/purple/wp-content/themes/purple/images/icons/7.png]
[web-rockstars.com/purple/wp-content/themes/purple/images/icons/8.png]
[web-rockstars.com/purple/wp-content/themes/purple/images/icons/9.png]
[web-rockstars.com/purple/wp-content/themes/purple/images/icons/10.png]
[web-rockstars.com/purple/wp-content/themes/purple/images/icons/11.png]
[web-rockstars.com/purple/wp-content/themes/purple/images/icons/12.png]
[web-rockstars.com/purple/wp-content/themes/purple/images/icons/13.png]
[web-rockstars.com/purple/wp-content/themes/purple/images/icons/14.png]
[web-rockstars.com/purple/wp-content/themes/purple/images/icons/15.png]
[web-rockstars.com/purple/wp-content/themes/purple/images/icons/16.png]
[web-rockstars.com/purple/wp-content/themes/purple/images/icons/17.png]
[web-rockstars.com/purple/wp-content/themes/purple/images/icons/18.png]
[web-rockstars.com/purple/wp-content/themes/purple/images/icons/19.png]
[web-rockstars.com/purple/wp-content/themes/purple/images/icons/20.png]
[web-rockstars.com/purple/wp-content/themes/purple/images/icons/21.png]
[web-rockstars.com/purple/wp-content/themes/purple/images/icons/22.png]
[web-rockstars.com/purple/wp-content/themes/purple/images/icons/23.png]
[web-rockstars.com/purple/wp-content/themes/purple/images/icons/24.png]
[web-rockstars.com/purple/wp-content/themes/purple/images/icons/25.png]
[web-rockstars.com/purple/wp-content/themes/purple/images/icons/26.png]
[web-rockstars.com/purple/wp-content/themes/purple/images/icons/27.png]
[web-rockstars.com/purple/wp-content/themes/purple/images/buttonIcons/pdf.png]
[web-rockstars.com/purple/wp-content/themes/purple/images/buttonIcons/twitter.png]
[web-rockstars.com/purple/wp-content/themes/purple/images/buttonIcons/mail.png]
[web-rockstars.com/purple/wp-content/themes/purple/images/buttonIcons/help.png]
[web-rockstars.com/purple/wp-content/themes/purple/images/buttonIcons/info.png]
[web-rockstars.com/purple/wp-content/themes/purple/images/buttonIcons/rss.png]
[web-rockstars.com/purple/wp-content/themes/purple/images/buttonIcons/flickr.png]
[web-rockstars.com/purple/wp-content/themes/purple/images/buttonIcons/facebook.png]
[web-rockstars.com/purple/wp-content/themes/purple/images/buttonIcons/stats.png]
[web-rockstars.com/purple/wp-content/themes/purple/images/buttonIcons/addComment.png]
[web-rockstars.com/purple/wp-content/themes/purple/images/bullets.png]
[web-rockstars.com/purple/wp-content/themes/purple/images/1next.png]
[web-rockstars.com/purple/wp-content/themes/purple/images/1prev.png]
[web-rockstars.com/purple/wp-content/themes/purple/images/big_transparent.gif]
[web-rockstars.com/purple/wp-content/themes/purple/images/arrow_left.gif]
[web-rockstars.com/purple/wp-content/themes/purple/images/arrow_right.gif]
[web-rockstars.com/purple/wp-content/themes/purple/style/default.css]
[web-rockstars.com/purple/wp-content/themes/purple/style/AjaxLoader.html]
[web-rockstars.com/purple/wp-content/themes/purple/fonts/fontawesome-webfont93e3.html]
[web-rockstars.com/purple/wp-content/themes/purple/fonts/fontawesome-webfont93e3.svg]
[web-rockstars.com/purple/index1025.html]
[web-rockstars.com/purple/index2026.html]
[web-rockstars.com/purple/index2a8d.html]
[web-rockstars.com/purple/indexd12a.html]
[web-rockstars.com/purple/index572e.html]
[web-rockstars.com/purple/index46d3.html]
[web-rockstars.com/purple/index1141.html]
[web-rockstars.com/purple/index44d0.html]
[web-rockstars.com/purple/indexe839.html]
[web-rockstars.com/purple/index6cf3.html]
[web-rockstars.com/purple/index8cd4.html]
[web-rockstars.com/purple/index5c36.html]
[web-rockstars.com/purple/index094d.html]
[web-rockstars.com/purple/wp-content/uploads/2017/12/portfolio_002-1200x740.jpg]
[web-rockstars.com/purple/wp-includes/js/comment-reply.minfa15.js]
[web-rockstars.com/purple/indexdb84.html]
[web-rockstars.com/purple/index0186.html]
[web-rockstars.com/purple/indexeeff.html]
[web-rockstars.com/purple/index8320.html]
[web-rockstars.com/purple/index0b68.html]
[web-rockstars.com/purple/index7737.html]
[web-rockstars.com/purple/index8f6c.html]
[web-rockstars.com/purple/index880a.html]
[web-rockstars.com/purple/indexae94.html]
[web-rockstars.com/purple/indexdb4e.html]
[web-rockstars.com/purple/index4031.html]
[web-rockstars.com/purple/indexede9.html]
[web-rockstars.com/purple/indexd78c.html]
[web-rockstars.com/purple/index99c1.html]
[web-rockstars.com/purple/indexfe4f.html]
[web-rockstars.com/purple/index3f7b.html]
[web-rockstars.com/purple/indexaadd.html]
[web-rockstars.com/purple/index81ea.html]
[web-rockstars.com/purple/index1cc3.html]
[web-rockstars.com/purple/indexf55d.html]
[web-rockstars.com/purple/indexb31a.html]
[web-rockstars.com/purple/indexb63a.html]
[web-rockstars.com/purple/indexe856.html]
[web-rockstars.com/purple/index8820.html]
[web-rockstars.com/purple/index1098.html]
[web-rockstars.com/purple/index0721.html]
[web-rockstars.com/purple/index2cf9.html]
[web-rockstars.com/purple/indexbade.html]
[web-rockstars.com/purple/index9020.html]
[web-rockstars.com/purple/index7e31.html]
[web-rockstars.com/purple/indexf28f.html]
[web-rockstars.com/purple/indexbb7c.html]
[web-rockstars.com/purple/wp-content/uploads/2017/12/portfolio_043-1200x740.jpg]
[web-rockstars.com/purple/wp-content/uploads/2017/12/portfolio_033-1200x740.jpg]
[web-rockstars.com/purple/index16a7.html]
[web-rockstars.com/purple/wp-content/uploads/2017/12/portfolio_025.jpg]
[web-rockstars.com/purple/wp-content/uploads/2017/12/portfolio_025-1200x720.jpg]
[web-rockstars.com/purple/wp-content/uploads/2017/12/portfolio_023-1200x740.jpg]
[web-rockstars.com/purple/indexf6ea.html]
[web-rockstars.com/purple/indexf161.html]
[web-rockstars.com/purple/index1c8e.html]
[web-rockstars.com/purple/index91c6.html]
[web-rockstars.com/purple/index1ae0.html]
[web-rockstars.com/purple/index3c55.html]
[web-rockstars.com/purple/index0735.html]
[web-rockstars.com/purple/index2807.html]
[web-rockstars.com/purple/index8bc8.html]
[web-rockstars.com/purple/indexe539.html]
[web-rockstars.com/purple/index87e6.html]
[web-rockstars.com/purple/index3f5a.html]
[web-rockstars.com/purple/indexb6ad.html]
[web-rockstars.com/purple/index66cf.html]
[web-rockstars.com/purple/indexc4f7.html]
[web-rockstars.com/purple/index0dc9.html]
[web-rockstars.com/purple/index44d4.html]
[web-rockstars.com/purple/indexdbdb.html]
[web-rockstars.com/purple/index07ca.html]
[web-rockstars.com/purple/indexa09e.html]
[web-rockstars.com/purple/indexec4a.html]
[web-rockstars.com/purple/index53ba.html]
[web-rockstars.com/purple/index2b8b.html]
[web-rockstars.com/purple/index7aeb.html]
[web-rockstars.com/purple/indexce2e.html]
[web-rockstars.com/purple/index7d08.html]
[web-rockstars.com/purple/indexaaab.html]
[web-rockstars.com/purple/indexcc82.html]
[web-rockstars.com/purple/index33ee.html]
[web-rockstars.com/purple/index1dc8.html]
[web-rockstars.com/purple/indexc182.html]
[web-rockstars.com/purple/index0745.html]
[web-rockstars.com/purple/index0a10.html]
[web-rockstars.com/purple/index27cd.html]
[web-rockstars.com/purple/index1beb.html]
[web-rockstars.com/purple/index3dea.html]
[web-rockstars.com/purple/indexa5f2.html]
[web-rockstars.com/purple/indexc508.html]
[web-rockstars.com/purple/index6b92.html]
[web-rockstars.com/purple/index4c66.html]
[web-rockstars.com/purple/index1469-2.html]
[web-rockstars.com/purple/index4ba7.html]
[web-rockstars.com/purple/index6b6d.html]
[web-rockstars.com/purple/index9398.html]
[web-rockstars.com/purple/indexbb47.html]
[web-rockstars.com/purple/index64b4.html]
[web-rockstars.com/purple/index61dc.html]
[web-rockstars.com/purple/index755a.html]
[web-rockstars.com/purple/indexeac2.html]
[web-rockstars.com/purple/index30a5.html]
[web-rockstars.com/purple/wp-content/themes/purple/loading.html]
[web-rockstars.com/purple/wp-content/themes/purple/images/forward.html]
[web-rockstars.com/purple/wp-content/themes/purple/images/back.html]
[web-rockstars.com/purple/wp-content/themes/purple/style/fonts/icomoon.html]
[web-rockstars.com/purple/wp-content/themes/purple/style/fonts/icomoond41d.html]
[web-rockstars.com/purple/wp-content/themes/purple/style/fonts/icomoon-2.html]
[web-rockstars.com/purple/wp-content/themes/purple/style/fonts/icomoon-3.html]
[web-rockstars.com/purple/wp-content/themes/purple/style/fonts/icomoon-4.html]
[web-rockstars.com/purple/wp-content/themes/purple/images/cursors/cursor_arrow_left.html]
[web-rockstars.com/purple/wp-content/themes/purple/images/cursors/cursor_arrow_left-2.html]
[web-rockstars.com/purple/wp-content/themes/purple/images/cursors/cursor_arrow_right.html]
[web-rockstars.com/purple/wp-content/themes/purple/images/cursors/cursor_arrow_right-2.html]
[web-rockstars.com/purple/indexeeff.html]
[web-rockstars.com/purple/index0b68.html]
[web-rockstars.com/purple/index8f6c.html]
[web-rockstars.com/purple/indexae94.html]
[web-rockstars.com/purple/indexede9.html]
[web-rockstars.com/purple/indexfe4f.html]
[web-rockstars.com/purple/index1cc3.html]
[web-rockstars.com/purple/indexf55d.html]
[web-rockstars.com/purple/indexe856.html]
[web-rockstars.com/purple/index7f14.html]
[web-rockstars.com/purple/index8820.html]
[web-rockstars.com/purple/index2fa7.html]
[web-rockstars.com/purple/indexa36b.html]
[web-rockstars.com/purple/index56d6.html]
[web-rockstars.com/purple/index1611.html]
[web-rockstars.com/purple/indexd7d8.html]
[web-rockstars.com/purple/index43b2.html]
[web-rockstars.com/purple/indexd1a7.html]
[web-rockstars.com/purple/index5791.html]
[web-rockstars.com/purple/index8af0.html]
[web-rockstars.com/purple/index9c2b.html]
[web-rockstars.com/purple/index8816.html]
[web-rockstars.com/purple/indexbbc7.html]
[web-rockstars.com/purple/index4034.html]
[web-rockstars.com/purple/index7760.html]
[web-rockstars.com/purple/indexb950.html]
[web-rockstars.com/purple/indexeac2.html]
[web-rockstars.com/purple/index7db0.html]
[web-rockstars.com/purple/index755a.html]
[web-rockstars.com/purple/index7f14.html]
[web-rockstars.com/purple/index69dd.html]
[web-rockstars.com/purple/index6527.html]
